// Jest Snapshot v1, https://goo.gl/fbAQLP

exports[`esbuild TypeScript Loader should transform ts 1`] = `
"const a = 42;
const user = {
  name: \\"Hayes\\",
  id: 0
};
export {a, user};
"
`;

exports[`esbuild TypeScript Loader should transform tsx 1`] = `
"export default function Example(props) {
  return /* @__PURE__ */ React.createElement(\\"div\\", null, props.title);
}
"
`;
