// Jest Snapshot v1, https://goo.gl/fbAQLP

exports[`should import createElement and ReactDOM 1`] = `"import ReactDOM from\\"react-dom\\";import{createElement}from\\"react\\";const __frontmatter__=typeof frontmatter!=='undefined'?frontmatter:{};if(typeof getStaticProps!==\\"undefined\\"){(async function(){const data=await getStaticProps();const pageProps=Object.assign(__frontmatter__,data.props);if(false){import(\\"false\\").then(({default:VOID_JS_APP})=>{ReactDOM.render(createElement(VOID_JS_APP,{Component:a,pageProps:pageProps}),document.getElementById(\\"app\\"));});}else{ReactDOM.render(createElement(a,pageProps),document.getElementById(\\"app\\"));}})();}else{if(false){import(\\"false\\").then(({default:VOID_JS_APP})=>{ReactDOM.render(createElement(VOID_JS_APP,{Component:a,pageProps:__frontmatter__}),document.getElementById(\\"app\\"));});}else{ReactDOM.render(createElement(a,__frontmatter__),document.getElementById(\\"app\\"));}}"`;
